[2026-09-26 04:26:43] STARTED as @Team1914_bot
[2026-09-26 04:27:31] STARTED as @Team1914_bot
[2026-09-26 04:28:03] STARTED as @Team1914_bot
[2026-09-26 04:58:14] STARTED as @Team1914_bot
[2026-09-26 05:02:39] FIRE → Team1914 https://example.com 44 55 56 /home/anon/Desktop/C2DDoS/proxy.txt
[2026-09-26 05:02:49] STARTED as @Team1914_bot
[2026-09-26 05:02:59] FIRE → Team1914 https://example.com 44 55 56 /home/anon/Desktop/C2DDoS/proxy.txt
[2026-09-26 05:12:35] STARTED as @Team1914_bot
[2026-09-26 05:13:20] FIRE → Team1914 https://israel.travel/ 200 55 7 /home/anon/Desktop/C2DDoS/proxy.txt
[2026-09-26 05:13:57] STARTED as @Team1914_bot
[2026-09-26 05:14:20] FIRE → Team1914 https://israel.travel/ 200 55 7 /home/anon/Desktop/C2DDoS/proxy.txt
[2026-09-26 05:24:57] STARTED as @Team1914_bot
[2026-09-26 05:25:17] FIRE → Team1914 https://israel.travel/ 200 55 7 /home/anon/Desktop/C2DDoS/proxy.txt
[2026-09-26 05:25:21] DONE exit=-2
[2026-09-26 05:29:19] STARTED as @Team1914_bot
[2026-09-26 05:29:33] FIRE → Team1914 https://israel.travel/ 200 55 7 /home/anon/Desktop/C2DDoS/proxy.txt
[2026-09-26 05:30:08] DONE exit=-2
[2026-09-26 05:30:33] STARTED as @Team1914_bot
[2026-09-26 05:31:17] FIRE → Team1914 https://israel.travel/ 200 55 7 /home/anon/Desktop/C2DDoS/proxy.txt
[2026-09-26 05:31:36] DONE exit=-2
[2026-09-26 05:32:15] STARTED as @Team1914_bot
[2026-09-26 05:32:36] FIRE → Team1914 https://israel.travel/ 200 55 7 /home/anon/Desktop/C2DDoS/proxy.txt
[2026-09-26 05:35:00] STARTED as @Team1914_bot
[2026-09-26 05:36:05] FIRE → Team1914 https://lucidhealingmassage.com/services/ 200 55 7 /home/anon/Desktop/C2DDoS/proxy.txt
[2026-09-26 05:39:01] STARTED as @Team1914_bot
[2026-09-26 05:39:22] FIRE → Team1914 https://lucidhealingmassage.com/ 200 558 7 /home/anon/Desktop/C2DDoS/proxy.txt
[2026-09-26 05:41:52] STARTED as @Team1914_bot
[2026-09-26 05:42:13] FIRE → Team1914 https://simkopdes.go.id 200 8 4 /home/anon/Desktop/C2DDoS/proxy.txt
[2026-09-26 05:42:52] STARTED as @Team1914_bot
[2026-09-26 05:43:33] FIRE → Team1914 https://simkopdes.go.id 60 555 5 /home/anon/Desktop/C2DDoS/proxy.txt
[2026-09-26 05:44:26] DONE exit=-2
[2026-09-26 05:45:28] STARTED as @Team1914_bot
[2026-09-26 05:46:45] STARTED as @Team1914_bot
[2026-09-26 05:47:12] FIRE → Team1914 https://www.goisrael.com/ 60 556 9 /home/anon/Desktop/C2DDoS/proxy.txt
[2026-09-26 05:48:19] DONE exit=1
[2026-09-26 05:50:51] STARTED as @Team1914_bot
[2026-09-26 05:51:06] FIRE → Team1914 https://www.goisrael.com/ 60 556 9 /home/anon/Desktop/C2DDoS/proxy.txt
[2026-09-26 05:52:12] DONE exit=1
[2026-09-26 05:56:16] STARTED as @Team1914_bot
[2026-09-26 05:56:28] FIRE → Team1914 https://www.goisrael.com/ 60 556 9 /home/anon/Desktop/C2DDoS/proxy.txt
[2026-09-26 05:56:28] DONE exit=1
[2026-09-26 05:57:04] STARTED as @Team1914_bot
[2026-09-26 05:57:11] FIRE → Team1914 https://www.goisrael.com/ 60 556 9 /home/anon/Desktop/C2DDoS/proxy.txt
[2026-09-26 05:57:44] DONE exit=-2
[2026-09-26 06:05:17] STARTED as @Team1914_bot
[2026-09-26 06:05:33] FIRE → Team1914 https://www.goisrael.com/ 60 556 9 /home/anon/Desktop/C2DDoS/proxy.txt
[2026-09-26 06:06:39] DONE exit=1
[2026-09-26 06:09:01] FIRE → Team1914 https://israel.travel/ 200 55 7 /home/anon/Desktop/C2DDoS/proxy.txt
[2026-09-26 06:12:24] DONE exit=1
[2026-09-26 06:16:03] STARTED as @Team1914_bot
[2026-09-26 06:16:16] FIRE → Team1914 https://www.goisrael.com/ 60 556 9 /home/anon/Desktop/C2DDoS/proxy.txt
[2026-09-26 06:17:41] STARTED as @Team1914_bot
[2026-09-26 06:17:48] FIRE → Team1914 https://www.smpn62jkt.sch.id 60 556 9 /home/anon/Desktop/C2DDoS/proxy.txt
[2026-09-26 06:17:51] DONE exit=-2
[2026-09-26 06:22:06] STARTED as @Team1914_bot
[2026-09-26 08:58:05] STARTED as @Team1914_bot
[2026-09-26 08:59:32] FIRE → Team1914 https://laterhayder.com 20 555 5 /home/anon/Desktop/C2DDoS/proxy.txt
[2026-09-26 08:59:52] DONE exit=-2
[2026-09-26 09:00:19] STARTED as @Team1914_bot
[2026-09-26 09:00:45] FIRE → Team1914 http://www.mysite.com/ 10 555 5 /home/anon/Desktop/C2DDoS/proxy.txt
[2026-09-26 09:00:57] DONE exit=1
[2026-09-26 09:28:10] STARTED as @Team1914_bot
[2026-09-26 09:30:43] FIRE → Team1914 http://www.mysite.com/ 10 555 5 /home/anon/Desktop/C2DDoS/proxy.txt
[2026-09-26 09:31:09] TIMEOUT: Team1914 http://www.mysite.com/ 10 555 5 /home/anon/Desktop/C2DDoS/proxy.txt
[2026-09-26 09:31:31] STARTED as @Team1914_bot
[2026-09-26 09:31:44] FIRE → Team1914 http://www.mysite.com/ 10 555 5 /home/anon/Desktop/C2DDoS/proxy.txt
[2026-09-26 09:32:59] STARTED as @Team1914_bot
[2026-09-26 09:33:06] FIRE → Team1914 http://www.mysite.com/ 10 555 5 /home/anon/Desktop/C2DDoS/proxy.txt
[2026-09-26 09:33:42] STARTED as @Team1914_bot
[2026-09-26 09:34:50] STARTED as @Team1914_bot
[2026-09-26 09:34:56] FIRE → Team1914 https://adenpedia.my.id 10 555 5 /home/anon/Desktop/C2DDoS/proxy.txt
[2026-09-26 17:23:36] STARTED as @Team1914_bot
